// Jest Snapshot v1, https://goo.gl/fbAQLP

exports[`GraphQL Schema Queries Houses Should return all the houses 1`] = `
Array [
  Object {
    "name": "Gryffindor",
  },
  Object {
    "name": "Ravenclaw",
  },
  Object {
    "name": "Hufflepuff",
  },
  Object {
    "name": "Slytherin",
  },
]
`;
